{
    "filtlong": {
        "content": [
            "ERR3201952_ERR3201952_filtered.log:md5,513650c6b058af60a824f98e6a632e2d"
        ],
        "timestamp": "2023-06-20T01:00:27+0000"
    },
    "metaphlan3": {
        "content": [
            "metaphlan3_db4_combined_reports.txt:md5,c73796201f8b1874a75abb05bd9c2c5f"
        ],
        "timestamp": "2023-06-20T01:00:27+0000"
    },
    "software_versions": {
        "content": [
            "{BBMAP_BBDUK={bbmap=39.01}, BOWTIE2_ALIGN={bowtie2=2.4.4, pigz=2.6, samtools=1.16.1}, BOWTIE2_BUILD={bowtie2=2.4.4}, BRACKEN_BRACKEN={bracken=2.7}, CENTRIFUGE_CENTRIFUGE={centrifuge=1.0.4}, CUSTOM_DUMPSOFTWAREVERSIONS={python=3.11.0, yaml=6.0}, DIAMOND_BLASTX={diamond=2.0.15}, FASTP_PAIRED={fastp=0.23.2}, FASTP_SINGLE={fastp=0.23.2}, FASTQC={fastqc=0.11.9}, FASTQC_PROCESSED={fastqc=0.11.9}, FILTLONG={filtlong=0.2.1}, KAIJU_KAIJU={kaiju=1.8.2}, KAIJU_KAIJU2KRONA={kaiju=1.8.2}, KAIJU_KAIJU2TABLE_COMBINED={kaiju=1.8.2}, KAIJU_KAIJU2TABLE_SINGLE={kaiju=1.8.2}, KRAKEN2_KRAKEN2={kraken2=2.1.2, pigz=2.6}, KRAKENTOOLS_COMBINEKREPORTS_CENTRIFUGE={combine_kreports.py=1.2}, KRAKENTOOLS_COMBINEKREPORTS_KRAKEN={combine_kreports.py=1.2}, KRAKENTOOLS_KREPORT2KRONA={kreport2krona.py=1.2}, KRONA_CLEANUP={sed=4.7}, KRONA_KTIMPORTTEXT={krona=2.8.1}, MERGE_RUNS={cat=8.30}, METAPHLAN3_MERGEMETAPHLANTABLES={metaphlan3=3.0.12}, METAPHLAN3_METAPHLAN3={metaphlan3=3.0.12}, MINIMAP2_ALIGN={minimap2=2.24-r1122}, MINIMAP2_INDEX={minimap2=2.24-r1122}, PORECHOP_PORECHOP={porechop=0.2.4}, SAMPLESHEET_CHECK={python=3.8.3}, SAMTOOLS_FASTQ={samtools=1.16.1}, SAMTOOLS_INDEX={samtools=1.16.1}, SAMTOOLS_STATS={samtools=1.16.1}, SAMTOOLS_VIEW={samtools=1.16.1}, UNTAR={untar=1.30}, Workflow={nf-core/taxprofiler=1.1.0dev}}"
        ],
        "timestamp": "2023-06-20T01:00:27+0000"
    },
    "porechop": {
        "content": [
            "ERR3201952_ERR3201952.log.filtered:md5,92a485cb081b6e40e1bc3360e73f69a9"
        ],
        "timestamp": "2023-06-20T01:00:27+0000"
    },
    "bracken": {
        "content": [
            "bracken_db1_combined_reports.txt:md5,9435227d5ac9d7ee78dbb7e1ff3348ce"
        ],
        "timestamp": "2023-06-20T01:00:27+0000"
    },
    "kraken2": {
        "content": [
            "kraken2_db1_combined_reports.txt:md5,56ed99df608e7a0e1bbfe8a8d9468a8f",
            "kraken2_db2_combined_reports.txt:md5,60db761c6e9d995d185704196db8f6f7"
        ],
        "timestamp": "2023-06-20T01:00:27+0000"
    },
    "centrifuge": {
        "content": [
            "centrifuge_db3_combined_reports.txt:md5,5d64a6ba245b269d2c501d614ac302f6"
        ],
        "timestamp": "2023-06-20T01:00:27+0000"
    },
    "multiqc": {
        "content": [
            "bbduk.txt:md5,d609874f85386aeee5241cf7cbedee99",
            "filtlong.txt:md5,69cd258c3883ba2acfb1b72cf3b743de",
            "multiqc_bowtie2.txt:md5,554215fc040f48daec70cd89c39daa77",
            "multiqc_fastp.txt:md5,d755cf8d8b9bb535ce10bacbc06b60a5",
            "multiqc_fastqc_1.txt:md5,c3a7e1a86e753f246c1b99574e4dec37",
            "multiqc_fastqc.txt:md5,4e145ddc71fb1b37b62df907fa452200",
            "multiqc_kaiju_species.txt:md5,e7d71f5d7a8a877761844bb681844c00",
            "multiqc_samtools_stats.txt:md5,8083ccec64e3a46b7cea712e8f734ac0",
            "porechop.txt:md5,5cadfceb7d9bc6b4da7bbb981a90d8ed"
        ],
        "timestamp": "2023-06-20T01:00:27+0000"
    },
    "bowtie2/align/": {
        "content": [
            "2612_ERR5766176.bowtie2.log:md5,9ecf931cf545c9f4777dd4586dd883d2",
            "2612_ERR5766176_B.bowtie2.log:md5,9ecf931cf545c9f4777dd4586dd883d2",
            "2612_ERR5766180.bowtie2.log:md5,a7487ce9c549a7f8fb5694fd0889f929",
            "2613_ERR5766181.bowtie2.log:md5,6cb148fdf3840de7a8a1f5315847817b"
        ],
        "timestamp": "2023-06-20T01:00:27+0000"
    },
    "samtools/stats/": {
        "content": [
            "2612_ERR5766176.stats:md5,22c22b8550ae64ca1bd84a3b5426258f",
            "2612_ERR5766176_B.stats:md5,62424e4e81a1cb1efebeeb32fe393473",
            "2612_ERR5766180.stats:md5,c8e54671319515471f1738105c661c19",
            "2613_ERR5766181.stats:md5,a6734b56f0d0c7389c9a4972b0733d19",
            "ERR3201952_ERR3201952.stats:md5,06a195adabd47f0d5eec9b15558a47cd"
        ],
        "timestamp": "2023-06-20T01:00:27+0000"
    },
    "fastp": {
        "content": [
            "2612_ERR5766176_B.fastp.json:md5,11ab617fa60858c5ff252a036db1787b",
            "2612_ERR5766176.fastp.json:md5,78cfc49753d310c0b66f736f285f0533",
            "2612_ERR5766180.fastp.json:md5,c47589fcbc4e0db8d9f98269fa6b1986",
            "2613_ERR5766181.fastp.json:md5,5d967bbc748347f8ceff03b1fb1659a6"
        ],
        "timestamp": "2023-06-20T01:00:27+0000"
    }
}